// Vitest Snapshot v1, https://vitest.dev/guide/snapshot.html

exports[`should export each frame individually if --frames is set 1`] = `"7918cb9fbb25056d47f5b9b9ac4831d3cc95a93494d1558944b310ca72062021"`;

exports[`should export each frame individually if --frames is set 2`] = `"9e869454835720d439ea4a04d0e792e3bce1bf6ad8a038527ff31af8cb82ce01"`;

exports[`should export each frame individually if --frames is set 3`] = `"5cb3eb0b9f4dcf7ed10dfdbd00e7df31750ebfe47a4726dfc2910d00635fb0f9"`;

exports[`should export each page individually if --pages is set 1`] = `"a62aaa4e6730a20162f9ae40f0c93e4cc9ee04770129ee6ec64edc2536fbed3d"`;

exports[`should export each page individually if --pages is set 2`] = `"cb0a78e0dbcb6152c6a883bded4ae20d4dd07c45a70d9a460c2d293db9d12a51"`;

exports[`should export each page individually if --pages is set 3`] = `"e7907f1cf15ac7c05427ae2b0b5256bad1d13d0e29c01b46571bdfe0ecf7a21d"`;

exports[`should export frames to json 1`] = `"042730a1f892f91f5bf18cf9bdaada3ce484fdfd349221f7345346c1e4d02550"`;

exports[`should export frames to json 2`] = `"5cdb89ab84843756deb0b7c50c61dc1db6277a1011f4fe33b6f6055805d67187"`;

exports[`should export frames to json 3`] = `"ca4d8de3c424cdd4c50a0f4fadbfa57882a94cf5966bad733edf21a214d80bb9"`;

exports[`should export schema 2 sketches to svg 1`] = `"e478ab790d8ec5f216f7e9b3a86b183455e604ad5646b748e5a9d929db05a0ca"`;

exports[`should export schema 2 sketches to tldr 1`] = `"8eff051fe82716ccc1bc7ce73eb35e6bfe0977d786f1ce4d5c840a104d926d9e"`;

exports[`should export the entire image if multiple frames are present and --frames is not set 1`] = `"f060c82ae2ca58cd0100e768415988e0eaa2e7706330949c0364ca5282a95700"`;

exports[`should export the file to a specific directory when specified 1`] = `"1100111001110010101100011011001110110010101100110100110100110011"`;

exports[`should export the tldraw url to a png when specified 1`] = `"1100111001110010101100011011001110110010101100110100110100110011"`;

exports[`should export the tldraw url to an svg in the current folder by default 1`] = `"2f1f7a5e9c8b14db98e227b470957510ec561fb1cfe571a64c55105f0a4a3f94"`;

exports[`should export the tldraw url to an svg when specified 1`] = `"2f1f7a5e9c8b14db98e227b470957510ec561fb1cfe571a64c55105f0a4a3f94"`;

exports[`should export to json 1`] = `"06bef173a8a2e1e2dabe83444b3758bfa5afa83e1862dd51eafcfc5d67852d38"`;

exports[`should export to tldr 1`] = `"de5f381a80db846dd0940a21c96aeff27e52155e86595bb8f9aae59fe2a15f23"`;
